// Jest Snapshot v1, https://goo.gl/fbAQLP

exports[`loads 500 posts from the Reddit API 1`] = `
Array [
  "Interactive pay-card using react hooks",
  "react-interactive-paycard",
  "I have built and open sourced an automated irrigation system based on Node.js and React",
  "Stems - Mac + Windows app built using React/Typescript/Electron that takes a song and breaks it apart into isolated vocal, instrumental, drum, and bass tracks.",
  "In-depth 14 hour Fullstack React/GraphQL/TypeScript Tutorial",
  "I made a Snapchat clone in the browser!",
  "I created an open-source alternative to Google Analytics using React, Redux and Next.js",
  "A responsive multi-level menu component I created using react hooks",
  "I built a Portfolio Gatsby theme",
  "I built an iPod Classic using React Hooks &amp; Styled Components",
  "After almost a year of learning React Native, here is my first full project, Ledger - a workout logging and analytics app",
  "Trying something different for my portfolio, what do you guys think?",
  "Pull to refresh, velocity-based morphing SVGs with react-spring",
  "I created a Spotify clone",
  "Completed my portfolio website with react and react-spring for animations (link in the comments)",
  "A one minute Demo of an app I made with React",
  "React Core Team joins Facebook Employee Walkout",
  "My first open source app: Sup, a Slack client with WhatsApp like UI. built using react-native and react-native-web",
  "Liquid swipe",
  "3D skateboard swipe (threejs &amp; react-spring)",
  "I've created a tiny component for applying a 'gooey' effect, also known as shape blobbing.",
  "I created a set of Free React UI Templates &amp; Components (52 UI Components, 7 Landing Pages, 8 Inner Pages, Fully Responsive) for creating Beautiful Landing Pages easily",
  "Instagram using MERN stack",
  "Synchronized YouTube Player built in react",
  "Jira clone built with modern react. This is a great repository to learn from if you‚Äôve already built smaller react apps and would like to see what a larger, real-world codebase looks like.",
  "Screenshot.rocks - Web app to create browser mockups from screenshots",
  "Just found this site \\"useHooks.com\\" - super helpful collection of react hooks!",
  "We have a new subreddit snoo thanks to /u/fjellet!",
  "I built a drag-and-drop online quiz builder with Next.js and GraphQL during quarantine",
  "Learning React.js during this quarantine. Here's a simple memory game I made",
  "Scan to Listen: React Native app for scanning CDs and vinyls to find album on Spotify and books to find audiobook on Audible",
  "‚ú® Introducing react-cool-inview - React hook to monitor an element enters or leaves the viewport. (GitHub: https://github.com/wellyshen/react-cool-inview)",
  "A VS-Code extension to refactor HTML-Tags with style-props to styled components",
  "A progressive web app that syncs videos, so you can have virtual watch parties with friends",
  "Select Payment (Swipe Card)",
  "BrutalityVisualizer - an interactive heatmap visualization of police brutality incidents in the US",
  "Full page transitions",
  "React Router v6 will be 2.9kb - 70% smaller because of Hooks and other factors",
  "I just published another vscode extension that allows you to search through 20+ free icon sets and paste them into your code all within the editor.",
  "I made clone of stackoverflow with React/Next, please check out!",
  "I made an interactive solver for the traveling salesman problem to visualize different algorithms with hooks and web workers. Each step of progress is drawn to the map in real-time and can be controlled all in the browser at tspvis.com.",
  "Dunning Kruger Effect",
  "I made a game with React this morning and think it turned out pretty ok. Let know what you think. Link in the comments.",
  "I've started a mini-series where I try to replicate popular UI's. The first episode is Spotify (I cover the basic styling &amp; setup). Follow along if you like!",
  "TikTok-esque app for browsing NSFW subreddits [NSFW]",
  "React has been around as long as JQuery was when React came out (2468 days)",
  "I made a visual programmer for javascript",
  "Building a Netflix Clone - Styled Components - Compound Components - Firebase (Firestore &amp; Authentication)",
  "‚ú® Introducing react-cool-dimensions: React hook to measure an element's size and handle responsive components. (GitHub included)",
  "I made a half assed code editor",
  "Youtube clone (PERN stack)",
  "Declarative Magnet Animation w/ Framer Motion",
  "My first MERN stack app finally showable, it is twitter clone with some prefetched data from Twitter api, Feedback and suggestions are welcome.",
  "A CLI tool that scans your project and splits the one big global CSS file into component level css files.",
  "Facebook has open sourced an experimental state management library for React called Recoil if anyone is interested.",
  "GraphAV - A graph algorithms visualizer built using React and Typescript (links in comments)",
  "Dan Abramov possibly leaving React team",
  "I made a simple RPG game as my first React.js project and wanted to share",
  "My top React techtalks of 2019",
  "Rubber Mesh Swipe Transition ( three-js &amp; react-spring)",
  "My first MERN project!!!",
  "Using React and node, I have created a website that allows everyone to share files between their devices without having to use long URLs or store the file on someone's servers.",
  "My first Full-Stack project: online multiplayer Tic-Tac-Toe!",
  "My web app with 100+ beautiful, copy-paste-ready code sections is (ALMOST) here ü•≥",
  "I teach React courses - here's my collection of over 600 slides on various React topics (hosted on GitHub, licensed under CC-BY-SA)",
  "Forms in React Native, The right way üí™üí™",
  "React in 100 seconds",
  "Built a Dribbble Clone for Developers, MVP",
  "Completed my Portfolio Website",
  "I rebuilt my personal portfolio using GatsbyJS, and I'm loving it!",
  "I made a quick React and Redux interview cheat sheet for 2020",
  "Flowify - A new tab extension that I made. It uses React, Framer Motion, and Styled Components. https://addons.mozilla.org/en-US/firefox/addon/flowify/ https://github.com/Etesam913/flowify",
  "I‚Äôve finally built my portfolio to showcase my work",
  "‚ú® useWebAnimations x Animate.css",
  "Stream Party: watch and search YouTube videos in sync with your friends",
  "My second full-stack project - A Twitter Clone",
  "REACT TRELLO CLONE --&gt; https://react-trello.app/",
  "JS/TS Debugger with Time-Traveling, Hot-swapping, API and Persistent State, zero-config for create-react-app projects (VSCode plugin)",
  "This helped me understand React, Webpack and Babel setups. Detailed guide to get started",
  "I‚Äôm making a free course on learning modern react in 2020. Including Hooks and all the modern API. Free. No ads. Feedback wanted.",
  "npm is joining GitHub - The GitHub Blog",
  "reactjs-popup v2 is Here üéâüéâ: Modals, Tooltips and Menus - All in one (3kb)",
  "A Windows 95 style Pok√©dex built with React.",
  "I made a Full Stack App with React and Django",
  "A (Mostly) Complete Guide to React Rendering Behavior",
  "Scan to Listen: React Native app for scanning book barcodes to find matching audiobook!",
  "MyDrive - Open Source Google Drive Clone (Node, Docker, Amazon S3, React, MongoDB)",
  "React Hook Form V6 is released.",
  "My Decade in Review",
  "keen-slider - The HTML touch slider carousel with the most native feeling.",
  "Are there any large open source repos out there that demonstrate well written React code at the production/business level?",
  "My current portfolio as a Jr. Front End Dev",
  "Create-React-App v4 coming soon with TypeScript 4 support, Fast Refresh and ESLint upgrades and experimental support for React 17's new JSX transform.",
  "How Instagram uses Redux",
  "Remember (notetaking application)",
  "my first react published app",
  "Read about creating SVG morphing effects with react-spring in my latest article on CSS-tricks",
  "First React project -- COVID-19 Testing Location Finder",
  "Gatsby, Website-Building Startup Backed By Index Ventures, Raises $28 Million",
  "The React Cheatsheet for 2020 üìÑ‚Ä¨ (+ real-world examples)",
  "Made with love for React (accidentally deleted my first post)",
  "I'v made this Facebook-like reaction bar using ReactJS",
  "overreacted.io -Goodbye, Clean Code - Dan Abramov",
  "I've been almost exlusively developing in C#/.NET for about two years, but due to possible layoffs amid COVID started working React tickets at my job about a month ago - holy shit I love it.",
  "Introducing Signum, an open-source communication tool for your website.",
  "Figma style real-time cursors with Firebase",
  "React tutorials now on MDN",
  "Made my first game in ReactJS",
  "Here is how to access Kent Dodds' $359 Epic React course repositories",
  "State of Frontend 2020 Survey - 74% use React, 34% think Redux will be dead in 3 years, Next.js/Gatsby are basically tied for SSG",
  "create-react-app 3.3.0 released! Support for optional chaining and nullish coalescing operators",
  "React v17.0 Release Candidate: No New Features",
  "I coded a Multiplayer Chess Game using React",
  "The official Redux template for Create-React-App is now available",
  "\\"import React from 'react'\\" will go away in distant future",
  "How Discord achieves native iOS performance with React Native",
  "I've created a little React package for animated hamburger icons. üçî Any type of feedback is really appreciated.",
  "My first react app",
  "My First Large React App: Travel Map for saving cities/countries visited",
  "New Redux docs \\"Style Guide\\" page: recommended patterns and best practices for using Redux",
  "My React components render twice and drive me crazy",
  "The React docs are tremendous!",
  "Pokemon Application | React, Apollo &amp; GraphQL Tutorial For Beginners",
  "I made a small social network in MERN, link in the comments",
  "My first useful (second actual) React app - responsive PWA cycle parking map",
  "Build your own React",
  "PSA: Axios is mostly dead",
  "Crank.js | Introducting Crank",
  "I created a Microservices app created using React/Node.js/GraphQL/Docker, along with a full tutorial on how to build it",
  "Rebuilding our tech stack for a new Facebook.com - Facebook Engineering",
  "My First Project guys. Check it out and give me some feedbacks and reviews on it. It'll really help me grow.. Thank you : ) website link : https://electrofocus-website.firebaseapp.com/",
  "Microsoft will bid farewell to Internet Explorer and legacy Edge in 2021",
  "I developed Astuto, a self hosted customer feedback tool (React frontend)",
  "SpiderX - React Native + Python Scrapy",
  "Storybook 6.0 is here! New workflows and 100s of improvements",
  "So I made Reddit with Instagram's UI",
  "An in-depth beginner's guide to testing React applications",
  "I made this card memory game with React, it was a fun little project! You can play it online here: https://svsem.github.io/Memorai/",
  "Styled components v5.0.0 released",
  "New from Adobe: Introducing React Spectrum",
  "I built an open source windows based tool using ReactJS to monitor and analyze your system's power and battery usage over time showcasing various insights like battery capacity, estimated life, cycle, recent usages, etc with various options to export all of the data in structured format (JSON, PDF)",
  "Introducing Firefox and Edge Support in Cypress 4.0",
  "Quick and Easy app: Vector Field Generator!",
  "Made a simple App with Reddit API",
  "I made a free and open-source resume builder using ReactJS!",
  "I made a tutorial on how to make a App Intro component with animations [link in comment]",
  "OkCupid Presents: Why we decided against GraphQL for local state management",
  "Javascript Testing Masterclass (React, Jest, React Testing Library, Cypress)",
  "Introducing Rome: A linter for JavaScript and TypeScript.",
  "SWR: React Hooks for Remote Data Fetching",
  "Facebook and Microsoft Partnering on Remote Development",
  "Babel 7.8.0 Released: we can now use ECMAScript 2020 new features like.",
  "Chrome Extension starter kit built with React, TypeScript, SCSS, Storybook, EsLint, Prettier, Webpack, &amp; Bootstrap",
  "I made an instagram clone",
  "This sub has grown 100% since 1 year ago",
  "How to replicate Zelda BOTW interface with React, Tailwind and Framer-motion",
  "Built a site to watch YouTube together with friends.",
  "I made a Donald Trump press conference simulator in react.js (create-react-app)",
  "airbnb/ts-migrate - a tool for helping migrate code to TypeScript",
  "üéâ Announcing React Table v7! üéâ",
  "React + Typescript ‚ù§Ô∏è: The good parts ‚ö°Ô∏è",
  "Hi everyone, I have been working on this file upload UI. Have been following some references and trying to improve on it.",
  "ReactJS Crash Course 2020 | React Functional Components, Hooks, and React Router [&lt;30 minutes]",
  "Do something to lower worlds healthcare cost",
  "Examples of large production-grade, open-source React apps",
  "‚ö°Ô∏èIntroducing react-shimmer: Async loading, performant Image component for React.js",
  "A highly scalable, performance focused React starter template, that focuses on best practices and a great developer experience.",
  "My first React project - a personal site.",
  "A PR is merged into slate.js (React-based rich text editor), closing so many issues that it temporarily broke github",
  "Redux Starter Kit is now Redux Toolkit; the official, improved way to work with Redux",
  "CoronaWatch - Built a website for monitoring the corona virus.",
  "A Guide to Commonly Used React Component Libraries",
  "useEffect(fn, []) is not the new componentDidMount()",
  "FUCK YEAH. I just made my first MERN stack application.",
  "Announcing TinaCMS: open-source, real time site editing toolkit for React based frameworks like Gatsby and Next.js",
  "‚öõÔ∏è Reparenting is now possible with React",
  "New official stripe React lib - React Stripe.js",
  "Anix - Stream Animes",
  "Just finished implementing the dark-mode toggle on the hero section of my personal site - You've got to have fun with these things!",
  "React Query v1.0.0 released",
  "I built this website that suggests places that you can travel with your passport using React and NextJS.",
  "Why Next.js Is the Future of React",
  "My library (React Easy State) is now supported by my workplace (Risingstack). I am excited about the future (:",
  "Next.js Building a Car Trader App: All 6 videos now available =)",
  "How a React App Works Under the Hood",
  "Mini graphiql component to document graphql API queries",
  "Compound Components in React w/Styled Components",
  "Hey all -- I converted ReactJS.org documentation to use hooks! Useful? Any feedback?",
  "üéâ Introducing use-places-autocomplete: A React hook for Google Maps Places Autocomplete.",
  "I've created a react hook to grab a color palette from images. It also renders a skeleton color while your original image still loading. Feedback appreciated",
  "I made a chrome extension with React which replaces the github file list with with an expandable tree view with file preview! It's called Tako, check it out!",
  "Anybody here interested in how React code talks to native code in a React Native app? If so, I made this short video explaining how it works.",
  "Started working on a webapp last sunday to help make configs for Karabiner Elements. Its ugly but works! :) link in comments",
  "I built a SERVERLESS VIDEO CHAT app in REACTJS using WEBRTC and FIREBASE",
  "Learning to Think in React by Building a Shopping Cart using Vanilla JS and then React",
  "Found this Full Stack Tutorial on React + Web API. Must Watch for Beginners - 2 Hr Duration",
  "Gatsby JS - The Great Gatsby Bootcamp [Full Tutorial]",
  "Just published a React Animated Icons library!",
  "Building an isometric frogger style game with React and Recoil",
  "I made a site that allows you to browse the Spotify catalog and curate a \\"Tindify\\" playlist by swiping song cards",
  "Was able to make my react-virtualized MultiGrid cells editable with only one double-click listener! #quarantinegoals",
  "Build a Google Chrome Extension Using React (Full Project Download)",
  "MERN stack user authentication: Part 1 | User accounts with JWT, bcrypt, react hooks, context API",
  "Create a React app with Typescript, Redux and OAuth 2.0 user authorization",
  "Unit testing in React. Practical examples and advice on what, how and why to test.",
  "NETFLIX clone - React and Firebase",
  "Wes Bos' uses.tech - A list of /uses pages detailing developer setups, gear, software and configs - Gatsby + Netlify site",
  "What Is JavaScript Made Of?",
  "What's the difference between Kent Dodds' $359 Epic React course and $10 Udemy react course by popular instructors?",
  "[WIP] Click in your app and jump to the relevant code",
  "Egghead.io is building the next version of Egghead.io on Next.js and it is open source",
  "Dokz - Effortless documentation with Next.js and MDX",
  "Announcing Ionic React: a native React version of Ionic Framework that makes it easy to build apps for iOS, Android, Desktop, and the web as a PWA with Over 100 React components",
  "React Performance Optimization with React.memo()",
  "Happy 3rd Birthday React 16 üéÇ",
  "Data-fetching library SWR now has pagination and infinite loading",
  "How React Reignited My Love for Web Development",
  "[WIP] two-way WYSIWYG editing",
  "Introducing Concurrent Mode (Experimental)",
  "Learn GraphQL, Apollo Server 2, and Black-box Testing (P2/3 of a newsreader built using React)",
  "Github Mobile App - Built with React Native and Redux",
  "Intro to Storybook 2020",
  "Deep Dive into Redux Toolkit with React - Complete Guide",
  "Instagram Pinch-to-Zoom - ‚ÄúCan it be done in React Native?‚Äù",
  "Movie time calculator",
  "A demo of the new beta for my trip planning app, Tour, built completely with React Native.",
  "Prettier 2.0",
  "Create a Weather App on React with RESTFUL APIs from Scratch [Full App]",
  "JavaScript frameworks are pushing each other to improve accessibility",
  "ReactSS - One tab to rule them all",
  "Come help build our open source react web app for organizing food delivery and volunteering #COVID-19",
  "Next.js released v9.3.0",
  "To those who recommend beginners learn to build projects in Vanilla js...",
  "GraphQL first full-stack starter kit with Node, React. Powered by TypeScript",
  "UI Playbook ‚Äî the documented collection of UI components",
  "Astrofox - I made a motion graphics program for turning music visualizations into videos. Built with React, WebGL, and Electron. Free to use.",
  "I build an open api lists repository",
  "I made an avatar picker for my app's sign up flow using React.js",
  "[Beginners Tutorial] React Hooks: How to set parent component state from within child",
  "Improve build speed by moving node_modules into RAM",
  "I built a FREE online video editor using React.js",
  "Replacing Redux with observables and React Hooks",
  "Made a very complex OS simulator with React",
  "Self taught, just finished my 2nd React App. A League of Legends champion page. Feedback appreciated",
  "Timeline Component in React (and some CSS Magic üé©)",
  "SpreadSheet Grid: Excel-like DataGrid component for React JS. Built for high performance rendering similar to google sheets.",
  "I want to teach you React!",
  "Vue 3.0",
  "üî•A collection of beautiful and (hopefully) useful React hooks to speed-up your components and hooks development",
  "On let vs const",
  "Add role-based permissions to your React app",
  "Using Composition in React to Avoid \\"Prop Drilling\\" - 15min lesson from Michael Jackson",
  "React Query ‚öõÔ∏è Hooks for fetching, caching and updating asynchronous data in React",
  "Material UI Dashboard with React",
  "I made on offline notetaking app using hooks, indexeddb, material-ui, and redux with support for markdown. Notes are stored locally for maximum privacy. Looking to improve https://www.ofnote.site",
  "Introducing Bumbag ‚Äì A React UI Kit",
  "What the heck is React Fast Refresh",
  "Built a virtual quiz app with React &amp; Node to play along with YouTube pub quizzes during the quarantine",
  "Introducing Full Page React Router Transitions",
  "React DevTools now shows the names of Custom Hooks - Shu Ding on Twitter",
  "Hi! I just want to share my personal site.",
  "A Sneak Peek at React Router v6",
  "Med-i: a health app built with React Native. Call national emergency numbers from anywhere, find nearby pharmacies, get medication for your symptoms and learn first aid steps in case of accidents and emergencies. [app links in the comment]",
  "A Visual Guide To React Mental Models",
  "React Query migrates to TypeScript",
  "Lets update Official React's Tic Tac Toe Tutorial with Hooks and Typescript! (Video Tutorial)",
  "Got my first app onto the Apple app store last week and just got it accepted onto the google play store today. Happy to answer any questions! It‚Äôs a white noise app (with bells and whistles).",
  "Making instagram.com faster: Code size and execution optimizations (Part 4)",
  "Just finished making this dashboard for trading. looking forward for your precious comments.",
  "After 3 weeks of building with react &amp; typescript I'm officially in love. We managed to build out the web app for StockAlarm and here's how it turned out...",
  "My Gatsby Theme is Available for Use and Modification (Check Source Code on GitHub)",
  "I updated my RPG game made with React.js and wanted to share",
  "show reddit: I made something very silly in react: the mlemmer blepper",
  "Getting started with the official Redux Template for create-react-app (Video)",
  "Intro to SVG for React Developers",
  "How to IDE-ify your GitHub",
  "Data Fetching Best Practices",
  "I have created a React component designed for displaying HTML e-mail contents safely, matching Gmail's rendering and support for HTML/CSS features. Other features include first-class TypeScript support and no extra dependencies.",
  "Beautiful React Hooks - a collection of beautiful (and hopefully useful) React hooks to speed-up your components and hooks development",
  "Next.js 9.2 released: Built-In CSS Imports and CSS Modules, Catch-All Dynamic Routes, Up to 70% Reduced Largest JavaScript Bundle, and Up to 87% Less JavaScript Loaded after Multiple Navigations",
  "VS Code extension with React snippets and other useful libraries",
  "I created a game using react-three-fiber",
  "Why is Redux necessary?",
  "2 possible new Hooks to be announced at React Conf: useDeferredValue and useTransition",
  "Serverless Video Chat App using Firebase and WebRTC in React",
  "Any other typescript users constantly confused between JSX.Element, React.ReactNode, React.ReactElement, React.ComponentType when using memo, context, HOCs, etc?",
  "Twizzle: Open Source desktop app for Twitter DM &amp; composing tweets from the menubar. React + Emotion + Redux + Electron app. Sources in comment",
  "A React component to compare two images",
  "Stop using isLoading booleans - Kent C. Dodds",
  "React Hook Form: Performant, flexible and extensible forms with easy-to-use validation",
  "For all the Unity developers in here, I've made a library to build your interfaces with two way binding! React Unity WebGL provides an easy solution for embedding Unity WebGL builds in your React application, with two-way communication between your React and Unity application with advanced API's.",
  "[Show off] Second \\"full-stack\\" app - Roomie - Find a room to rent! Built with: React + TailwindCSS + Express + MongoDB + Heroku / S3",
  "Why Suspense matters, a short thread - Dan Abramov on Twitter",
  "Don't know what to test on your React App? Learn how to make a test list.",
  "\\"Next time we rewrite, likely we‚Äôll go the Deno route: Rust core, TypeScript shell.\\" - Andrew Clark on Twitter",
  "React Libraries in 2020",
  "GraphQL Interactive Tutorial",
  "I applied for 100+ jobs but no interview",
  "\\"The Opinionated Guide to React\\" book by Sara Vieira on Twitter",
  "React Router v6.0.0-alpha.0 released, with relative and nested routes, suspense-based navigations",
  "üéÇHappy 6th Birthday React - what are you earliest memories? ‚öõÔ∏è",
  "The Ultimate Guide to Next.js Authentication with Auth0",
  "I've created a small package where you can link similar components together to animate them when changing views. Feedback appreciated. üôå",
  "D3.js dashboard tutorial with react and cube.js",
  "Introducing Create Next App",
  "Build a Weather App in React JS | React JS beginner Tutorial",
  "Understanding the Context API by Building a Spotify Clone in React",
  "The Quest for the Perfect Dark Mode",
  "Fully functional Trello board written using React and Redux",
  "Simple budgeting application for shared expenses (React + Redux + Firebase)",
  "Wait, You're not using &lt;StrictMode&gt;?!",
  "Introduction to MobX &amp; React in 2020",
  "I've created a library to make transitions between React router pages",
  "Microsoft looks to React Native as a way to tackle the cross-platform development puzzle",
  "Why you should implement query fragments in Gatsby",
  "Turns out JavaScript compiling and injection in iframes is NOT as simple as HTML/CSS üòÖ but I finally made some good progress üôåüèª. Next steps are to make the iframe refresh after the user hasn‚Äôt typed for a while, improved formatting/auto completion, and generate downloadable/shareable code files",
  "Why Redux makes you a better JavaScript Developer",
  "How do I write meaningful tests using React Testing Library?",
  "Demo video for a rota application I've been working on using React/Django",
  "Twitter clone using the RPGüöÄstack",
  "Understanding writing tests for React",
  "Storybook 5.3 release: stories &amp; docs in MDX, first-class React support, Declarative config, and Design tool integrations",
  "Lifelike - the cellular automata browser toy I've always wanted (first React app)",
  "What are some mini React challenges that may come up in a Junior Front-end Interview?",
  "React + GraphQL boilerplate that scales easily",
  "As a Florida resident, I was tired of visiting several slow mobile-unfriendly Covid Dashboards to get the info I wanted (including my local Tampa Bay stats). So I built COVJOSH.COM for my friends and myself to get real-time data.",
  "ZEIT is now Vercel, announces $21m Series A including Accel, CRV, Naval Ravikant, Nat Friedman, and... Jordan Walke",
  "React Router v6 Preview",
  "We made a website where people can talk to others in a small group - hopefully this helps with isolation!",
  "Generating TypeScript types and React Hooks based on GraphQL endpoint",
  "‚ú® Introducing react-cool-portal: React hook for Portals, which renders modals, dropdowns, tooltips etc. to &lt;body&gt; or else.",
  "Road to React: The one with Hooks",
  "React Nice Dates: A responsive, touch-friendly, and modular date picker library for React.",
  "55 Lessons from 5 Years in React - Cory House",
  "In the past 30 days, I made an open source design system: Looking for feedback!",
  "Building complex animations with React and Framer Motion",
  "gqless: GraphQL client without queries",
  "Plasmic - enables developers and designers to compose React UIs visually. It lets you start with rough designs from Figma/Sketch or from scratch, and refactor them into maintainable, production-ready presentational components",
  "I built my first website in ReactJS while in self isolation! A coronavirus stats tracker!",
  "Redux most common anti pattern",
  "How to use React Ref",
  "Building Resilient Frontend Architecture",
  "Get started with animations in React - Part of React Christmas üéÖ",
  "A simple game to kill time",
  "Understanding React's useRef Hook",
  "I redesigned my personal website from scratch, and it is great!",
  "My Complete Salary History as a React Dev - Full Numbers from Intern to Intermediate.",
  "React Complete testing tutorial",
  "After wrestling with managing network request state, I decided to create use-axios-client: a custom hooks library to abstract away your network request state so you can focus on building your UI.",
  "Meet the new Axios website (Next.js, TypeScript, GraphQL, Cloudflare Workers)",
  "I just rebuilt my website. I was feeling a little nostalgic I guess!",
  "Creating an Animated Tree Chart ‚Äì Using React (Hooks) with D3",
  "State of Storybook 2019 ‚Äì a breakout year for a popular frontend tool",
  "In Defense of Class Components",
  "Personal website I built",
  "\\"Framework Overhead\\" is bikeshedding - React is only 8% of execution time on real apps, but ~90% on benchmarks. Most apps are not \\"framework bound\\" (Sebastian Markb√•ge on Twitter)",
  "How I structure my React projects",
  "Formik 2.0 with hooks",
  "React: Lifting state up is killing your app",
  "React Router v6 migrated to TypeScript",
  "Is there any good example of a React application doing unit, integration and E2E testing perfectly?",
  "How we accidentally launched a popular Gatsby plugin",
  "useParams ‚Äî Extract parameters from the URL in one line.",
  "So, has anyone had a chance to try out Recoil yet? Coming from some pretty Redux/React.Context heavy projects this seems like a more convenient way of coding? Especially when using hooks and FCs.",
  "Just Finished My Portfolio Website Using Gatsby.js and my Genetic Algorithm Library, Genie.js",
  "Stack Overflow Developer Survey 2020 - Web Frameworks",
  "I made the same web app in Gatsby and Next.js and found Gatsby performed better",
  "[Tutorial Axios Hooks] Using Promises and Await was hard for me, but using Hooks helped me write cleaner and much faster HTTP requests without any fatigue",
  "This sub has grown 50% since July",
  "A Simple Guide to React Context with Hooks",
  "Free tickets available: Attend the biggest React conf in the cloud ‚Äì April 17, 2020",
  "Learn the basics of React-Dnd. easily add Drag and Drop interactions to your apps!",
  "Using React (Hooks) with D3 ‚Äì [06] Responsive Chart Components with ResizeObserver",
  "Is Firebase better than Express + MongoDB",
  "fake-tweet ‚Ä¢ Tweet React component",
  "Mastering SEO in React and Next.js",
  "I have a good corporate job not programming but I taught myself js and react for fun and I just kind of like it.",
  "Up to date answer about when to use React context or Redux (Redux Toolkit)",
  "How to get these animations working in react js? Is there a library that i can use or can it be done using plain css?",
  "React Best Practices?",
  "Few ways to boost your react applications performance",
  "Is Material UI worth it?",
  "Improved Next.js and Gatsby page load performance with granular chunking",
  "6 Awesome Chrome Extension for Github",
  "Resources for learning react under the hood?",
  "I made my first real React App: a site to help people learn songs on the flute. I would love any and all feedback and constructive criticism!",
  "Get in that declarative spirit with React Christmas üéÖ",
  "Build a TikTok Clone with React and Firebase - CodeSource.io",
  "A dashboard in React and CSS Grid",
  "How to build bulletproof react components",
  "Understand React Rendering with examples",
  "Next.js: Server-side Rendering vs. Static Generation",
  "My very first React+GatsbyJS powered live website",
  "React Remains Top UI Library - A Recap of Frontend Development in 2019",
  "What is the most impressive React-based site you've seen?",
  "New react router with hooks realeased",
  "Learn React Native with me üòÄ",
  "Next.js Static Site Generation RFC",
  "Store - The cleanest state management library I could come up with - very few APIs, UI-framework agnostic, TypeScript support with no effort, fast by default",
  "React: the basics in 20 min | Learn React | Basics for beginners",
  "We've built a tool to help developers grow in their career",
  "üéâüéÅüéä zeit/next.js released v9.1.0",
  "Countering React Native FUD: There are more than 750 screens in both Facebook for Android and iOS as well as several standalone apps primarily built using RN, at FB",
  "New HackerNews Frontend built with React",
  "üéπreact-synth üéπ",
  "Help us create a community-curated list of React Libraries!",
  "Setting up ESLint &amp; Prettier for React App in VSCode",
  "My updated portfolio site",
  "I wrote this to help me wrap my head around React Suspense for data fetching. Hope it helps you too",
  "Build the Next Generation of Forms With React Hooks Forms",
  "Write readable styled-components with curry functions",
  "Music Analyzer - MERN Stack Web app using the Spotify API",
  "My very first Portfolio site after learning react.js.",
  "I made a React app with an interactive map that features all the bike lanes, bike parking spots, services and etc. for my city.",
  "React JS Tutorial: Building Firebase Chat App (React Hooks)",
  "React Material-UI Themes: Customize Material Components for your Project",
  "Babel 7.10.0 Released: a better React tree-shaking",
  "Dan Abramov on marketing your OSS - deep in the comments of CRA's issues in 2016",
  "react-see-through - Draw attention to specific components on your page",
  "React hook that helps developers use google spreadsheet as their data table (API endpoint)",
  "Introducing storybook-addon-performance üöÄ",
  "Popper 2 released! The popular positioning engine for tooltips and popovers, used by Material UI, Bootstrap, and more",
  "People love to use Redux, I haven't found a use yet.",
  "The unseen performance costs of modern CSS-in-JS libraries in React apps || Web Performance Calendar",
  "GitHub - My first big boy React project: a Kubernetes love doctor",
  "Don't call a React function component - Kent C. Dodds",
  "Download Dan's Overreacted.io as an e-book!",
  "Using Window.matchMedia() to do media queries in reactjs",
  "Looking for a good open source repo to look at that uses React and GraphQL",
  "How to test custom React hooks",
  "I made stock trading app with react, firebase and IEX api.",
  "Deploying to Github Pages? Don't Forget to Fix Your Links",
  "I made some unofficial JSX and TSX logos if you're like logos like me",
  "Svg Icons as React Components",
  "Hacker Noon: Attend JSNation Live 2020, the remote spin-off of a successful JavaScript conference",
  "I made a Kanban boards app with React &amp; Django (open-source) https://github.com/rrebase/knboard",
  "React Router 6 Tutorial",
  "Meet the React Team (New page on Docs)",
  "Favorite YouTubers to learn react?",
  "React/Full stack projects to learn from",
  "Mini social network that I made as my first MERN stack project.",
  "Full-stack web app in React + TypeScript + GraphQL + PostgreSQL",
  "Framer Guide to React",
  "How I used React-Loadable to more than half my React app's load time",
  "react-native released 0.62.0 üéâ",
  "Dan discusses benchmarks in JavaScript community",
  "React Highcharts Example with Cube.js",
  "Epic thread of **Remote** React Jobs by /u/mstoiber",
  "My first react library published to NPM registry!",
  "React Router Crash Course | Part#1 | Build Navbar, Home component &amp; Footer | React Bootstrap",
  "I has fun making this little dark mode toggle!",
  "How I recreated the Hey \\"Feed\\" with AWS Lambda, SES and React",
  "Full page transitions example",
  "When to use useEffect or useLayoutEffect",
  "Iowa Caucus React Native App Bundle",
  "Is redux really a good idea?",
  "svg-to-react - a utility to convert raw SVG files into accessible and extendable React Components",
  "Build a Workout Diary App with React #1 | Getting started",
  "Recoiljs TypeScript types have been merged into DefinitelyTyped üéâ",
  "react-uploady - a new way to upload files in React",
  "Intro to Federated Modules in Webpack 5",
  "Repos for Beginners to Learn From",
  "üìà A responsive, composable react charting chart library with a hand-drawn style.",
  "ELI5: When would I use useReducer/useCallback/useMemo over state/effect/ref?",
  "New Ionic React live code demo and starter apps",
  "Mergefly - A new UI for GitHub",
  "Using React (Hooks) with D3 ‚Äì [04] Animated Bar Chart",
  "Retro nostalgia &amp; why my new website looks like Windows 9x (made with React/Preact)",
  "Use create-react-app to develop Chrome extensions",
  "üì¶ Parcel 2 beta 1: improved stability, tree shaking, source map performance, and more! üöÄ",
  "I rewrote my command prompt / terminal inspired website using React",
  "Next.js Building a Car Trader App: Introduction and FAQ Page",
  "CSS Variables for React Developers",
  "Serverless Stack - learn how to build a note taking app using Serverless and React on AWS",
  "Got a Job as a React developer to build an ecommerce site.",
  "How do companies work with components at scale?",
  "Rich Harris implements the \\"Round\\" React demo with Svelte making comparison on Twitter",
  "UI Testing with React, Mirage, Jest and Testing Library",
  "Andrew Clark (React Core Team member) on Concurrent Mode",
  "GitHub - appwrite/appwrite: End-to-end backend as a service for web and mobile üöÄ",
  "Me and my friend built a hosting platform where you can deploy frontend apps for free, with just a few clicks. I would love to hear some feedback from you!",
  "Is anyone else frustrated by the state of React documentation, before and after the introduction of hooks?",
  "react-loaders-kit",
  "Is there any tutorial that shows someone fixing up a badly written React app?",
  "What goes into building a drag and drop component in 2019?",
  "Redux Starter Kit 1.0: the official, opinionated, batteries-included toolset for Redux",
  "Jordan Walke - React to the Future",
  "Pre-configured working virtual macOS setup to develop React Native ios apps on Windows10 .",
  "React Folder Structure in 5 Steps",
  "The Opinionated Guide to React - new book by Sara Viera - Folder Structure, CRA/Next/Gatsby, TypeScript, Routing, State Mgmt, Animation, Styling, Forms, Dates, GraphQL and UI Toolkits",
  "Learning React coming from Angular. I really liked having HTML in a separate file. JSX feels weird to me.",
  "Persistent Layout Patterns in Next.js",
  "A volunteer community of React Devs have been building an app/site to change global homelessness by building stronger social safety nets in communities. It's basic but has begun helping people. Could you improve it?",
  "Recently I pushed a major update to my long abandoned project, YouTube Remote, a chrome-extension for everyone to control their YouTube tabs from anywhere in the browser. It's free and offers more features that the default chrome audio remote!",
  "React Adaptive Loading Hooks - from Google Chrome (released at Chrome Dev Summit)",
  "How to Create a Weather Widget with a Weather API",
  "Introducing the New JSX Transform",
  "React + Typescirpt + DJANGO boilerplate",
  "How To Mock Fetch in Jest (Covers React &amp; React Testing Library)",
  "Can someone summarize the best ReactConf talks each day for those of us who cannot watch live?",
]
`;
